// Jest Snapshot v1, https://goo.gl/fbAQLP

exports[`Popup should match snapshot 1`] = `
<div
  className="popup-overlay"
>
  <div
    className="popup"
  >
    <button
      className="close"
      onClick={[Function]}
    >
      X
    </button>
    <section
      className="popup-img"
      style={
        Object {
          "backgroundImage": "url(https://i.ebayimg.com/images/g/ZX4AAOSw1vlUrlTm/s-l300.jpg)",
          "backgroundSize": "cover",
        }
      }
    />
    <article
      className="popup-text"
    >
      <h3
        className="popup-title"
      >
        SKYRIM
      </h3>
      <h4
        className="popup-score"
      >
        <p>
          MetaCritic
        </p>
        <p>
          99
        </p>
        <p>
          SCORE
        </p>
      </h4>
      <h4
        className="popup-genre"
      >
        Adventure, Action
      </h4>
      <button
        className="showGenre"
        onClick={[Function]}
      >
        Show Genre Info..
      </button>
      <h4
        className="popup-plat"
      >
        <p>
          Available On:
        </p>
        <p>
          PC, Switch
        </p>
      </h4>
      <h4
        className="popup-multi"
      >
        <p>
          Multiplayer:
        </p>
        <p>
          FALSE
        </p>
      </h4>
    </article>
  </div>
</div>
`;
